#
# There is insufficient memory for the Java Runtime Environment to continue.
# Native memory allocation (mmap) failed to map 268435456 bytes. Error detail: G1 virtual space
# Possible reasons:
#   The system is out of physical RAM or swap space
#   This process is running with CompressedOops enabled, and the Java Heap may be blocking the growth of the native heap
# Possible solutions:
#   Reduce memory load on the system
#   Increase physical memory or swap space
#   Check if swap backing store is full
#   Decrease Java heap size (-Xmx/-Xms)
#   Decrease number of Java threads
#   Decrease Java thread stack sizes (-Xss)
#   Set larger code cache with -XX:ReservedCodeCacheSize=
#   JVM is running with Zero Based Compressed Oops mode in which the Java heap is
#     placed in the first 32GB address space. The Java Heap base address is the
#     maximum limit for the native heap growth. Please use -XX:HeapBaseMinAddress
#     to set the Java Heap base and to place the Java Heap above 32GB virtual address.
# This output file may be truncated or incomplete.
#
#  Out of Memory Error (os_windows.cpp:3898), pid=21992, tid=10632
#
# JRE version:  (21.0.6+9) (build )
# Java VM: OpenJDK 64-Bit Server VM (21.0.6+9-b895.109, mixed mode, sharing, tiered, compressed oops, compressed class ptrs, g1 gc, windows-amd64)
# No core dump will be written. Minidumps are not enabled by default on client versions of Windows
#

---------------  S U M M A R Y ------------

Command Line: git4idea.http.GitAskPassApp Username for 'https://gitlab.com': 

Host: Intel(R) Xeon(R) CPU E5-2640 0 @ 2.50GHz, 12 cores, 15G,  Windows 10 , 64 bit Build 19041 (10.0.19041.5915)
Time: Mon Dec 29 23:14:33 2025 RTZ 2 (s 10 , 64 bit Build 19041 (10.0.19041.5915) elapsed time: 0.014135 seconds (0d 0h 0m 0s)

---------------  T H R E A D  ---------------

Current thread (0x000002adf86e37d0):  JavaThread "Unknown thread" [_thread_in_vm, id=10632, stack(0x000000cd17c00000,0x000000cd17d00000) (1024K)]

Stack: [0x000000cd17c00000,0x000000cd17d00000]
Native frames: (J=compiled Java code, j=interpreted, Vv=VM code, C=native code)
V  [jvm.dll+0x6e5cb9]
V  [jvm.dll+0x8c4113]
V  [jvm.dll+0x8c666e]
V  [jvm.dll+0x8c6d53]
V  [jvm.dll+0x288f76]
V  [jvm.dll+0x6e2575]
V  [jvm.dll+0x6d602a]
V  [jvm.dll+0x3635db]
V  [jvm.dll+0x36b1a6]
V  [jvm.dll+0x3bd4f6]
V  [jvm.dll+0x3bd7c8]
V  [jvm.dll+0x335d2c]
V  [jvm.dll+0x336a1b]
V  [jvm.dll+0x88b569]
V  [jvm.dll+0x3ca6c8]
V  [jvm.dll+0x8745b8]
V  [jvm.dll+0x45f0de]
V  [jvm.dll+0x460dc1]
C  [jli.dll+0x52ab]
C  [ucrtbase.dll+0x21bb2]
C  [KERNEL32.DLL+0x17374]
C  [ntdll.dll+0x4cc91]


---------------  P R O C E S S  ---------------

Threads class SMR info:
_java_thread_list=0x00007ff9316ea148, length=0, elements={
}

Java Threads: ( => current thread )
Total: 0

Other Threads:
  0x000002adfaac4cb0 WorkerThread "GC Thread#0"                     [id=16328, stack(0x000000cd17d00000,0x000000cd17e00000) (1024K)]
  0x000002adfaad5d40 ConcurrentGCThread "G1 Main Marker"            [id=22352, stack(0x000000cd17e00000,0x000000cd17f00000) (1024K)]
  0x000002adfaad6fe0 WorkerThread "G1 Conc#0"                       [id=20688, stack(0x000000cd17f00000,0x000000cd18000000) (1024K)]

[error occurred during error reporting (printing all threads), id 0xc0000005, EXCEPTION_ACCESS_VIOLATION (0xc0000005) at pc=0x00007ff930dd8e07]
VM state: not at safepoint (not fully initialized)

VM Mutex/Monitor currently owned by a thread:  ([mutex/lock_event])
[0x00007ff93175eb30] Heap_lock - owner thread: 0x000002adf86e37d0

Heap address: 0x0000000701000000, size: 4080 MB, Compressed Oops mode: Zero based, Oop shift amount: 3

CDS archive(s) mapped at: [0x0000000000000000-0x0000000000000000-0x0000000000000000), size 0, SharedBaseAddress: 0x0000000800000000, ArchiveRelocationMode: 1.
Narrow klass base: 0x0000000000000000, Narrow klass shift: 0, Narrow klass range: 0x0

GC Precious Log:
 CardTable entry size: 512
 Card Set container configuration: InlinePtr #cards 4 size 8 Array Of Cards #cards 16 size 48 Howl #buckets 8 coarsen threshold 3686 Howl Bitmap #cards 512 size 80 coarsen threshold 460 Card regions per heap region 1 cards per card region 4096

Heap:
 garbage-first heap   total 0K, used 0K [0x0000000701000000, 0x0000000800000000)
  region size 2048K, 0 young (0K), 0 survivors (0K)
 Metaspace       used 0K, committed 0K, reserved 0K
  class space    used 0K, committed 0K, reserved 0K

Heap Regions: E=young(eden), S=young(survivor), O=old, HS=humongous(starts), HC=humongous(continues), CS=collection set, F=free, TAMS=top-at-mark-start, PB=parsable bottom

Card table byte_map: [0x000002adff7f0000,0x000002adffff0000] _byte_map_base: 0x000002adfbfe8000

Marking Bits: (CMBitMap*) 0x000002adfaac53b0
 Bits: [0x000002ad8f000000, 0x000002ad92fc0000)

GC Heap History (0 events):
No events

Dll operation events (1 events):
Event: 0.009 Loaded shared library G:\programs\WebStorm 2025.1\jbr\bin\java.dll

Deoptimization events (0 events):
No events

Classes loaded (0 events):
No events

Classes unloaded (0 events):
No events

Classes redefined (0 events):
No events

Internal exceptions (0 events):
No events

ZGC Phase Switch (0 events):
No events

VM Operations (0 events):
No events

Memory protections (0 events):
No events

Nmethod flushes (0 events):
No events

Events (0 events):
No events


Dynamic libraries:
0x00007ff7e01f0000 - 0x00007ff7e01fa000 	G:\programs\WebStorm 2025.1\jbr\bin\java.exe
0x00007ff973850000 - 0x00007ff973a48000 	C:\WINDOWS\SYSTEM32\ntdll.dll
0x00007ff971e10000 - 0x00007ff971ed2000 	C:\WINDOWS\System32\KERNEL32.DLL
0x00007ff971310000 - 0x00007ff971606000 	C:\WINDOWS\System32\KERNELBASE.dll
0x00007ff971610000 - 0x00007ff971710000 	C:\WINDOWS\System32\ucrtbase.dll
0x00007ff95b900000 - 0x00007ff95b918000 	G:\programs\WebStorm 2025.1\jbr\bin\jli.dll
0x00007ff95d760000 - 0x00007ff95d77b000 	G:\programs\WebStorm 2025.1\jbr\bin\VCRUNTIME140.dll
0x00007ff972370000 - 0x00007ff972511000 	C:\WINDOWS\System32\USER32.dll
0x00007ff971230000 - 0x00007ff971252000 	C:\WINDOWS\System32\win32u.dll
0x00007ff95f780000 - 0x00007ff95fa1b000 	C:\WINDOWS\WinSxS\amd64_microsoft.windows.common-controls_6595b64144ccf1df_6.0.19041.6456_none_60b8a6cb71f64256\COMCTL32.dll
0x00007ff971880000 - 0x00007ff9718ab000 	C:\WINDOWS\System32\GDI32.dll
0x00007ff9725c0000 - 0x00007ff97265e000 	C:\WINDOWS\System32\msvcrt.dll
0x00007ff971110000 - 0x00007ff971229000 	C:\WINDOWS\System32\gdi32full.dll
0x00007ff970ee0000 - 0x00007ff970f7d000 	C:\WINDOWS\System32\msvcp_win.dll
0x00007ff971d10000 - 0x00007ff971d3f000 	C:\WINDOWS\System32\IMM32.DLL
0x00007ff95e290000 - 0x00007ff95e29c000 	G:\programs\WebStorm 2025.1\jbr\bin\vcruntime140_1.dll
0x00007ff948460000 - 0x00007ff9484ed000 	G:\programs\WebStorm 2025.1\jbr\bin\msvcp140.dll
0x00007ff930a90000 - 0x00007ff931851000 	G:\programs\WebStorm 2025.1\jbr\bin\server\jvm.dll
0x00007ff971c50000 - 0x00007ff971d01000 	C:\WINDOWS\System32\ADVAPI32.dll
0x00007ff972520000 - 0x00007ff9725bf000 	C:\WINDOWS\System32\sechost.dll
0x00007ff973580000 - 0x00007ff9736a0000 	C:\WINDOWS\System32\RPCRT4.dll
0x00007ff970f80000 - 0x00007ff970fa7000 	C:\WINDOWS\System32\bcrypt.dll
0x00007ff971d40000 - 0x00007ff971dab000 	C:\WINDOWS\System32\WS2_32.dll
0x00007ff9703e0000 - 0x00007ff97042b000 	C:\WINDOWS\SYSTEM32\POWRPROF.dll
0x00007ff965bb0000 - 0x00007ff965bd7000 	C:\WINDOWS\SYSTEM32\WINMM.dll
0x00007ff9674d0000 - 0x00007ff9674da000 	C:\WINDOWS\SYSTEM32\VERSION.dll
0x00007ff9702a0000 - 0x00007ff9702b2000 	C:\WINDOWS\SYSTEM32\UMPDC.dll
0x00007ff96ed30000 - 0x00007ff96ed42000 	C:\WINDOWS\SYSTEM32\kernel.appcore.dll
0x00007ff95d9b0000 - 0x00007ff95d9ba000 	G:\programs\WebStorm 2025.1\jbr\bin\jimage.dll
0x00007ff969020000 - 0x00007ff969221000 	C:\WINDOWS\SYSTEM32\DBGHELP.DLL
0x00007ff967f40000 - 0x00007ff967f74000 	C:\WINDOWS\SYSTEM32\dbgcore.DLL
0x00007ff9717e0000 - 0x00007ff971862000 	C:\WINDOWS\System32\bcryptPrimitives.dll
0x00007ff959c50000 - 0x00007ff959c70000 	G:\programs\WebStorm 2025.1\jbr\bin\java.dll

dbghelp: loaded successfully - version: 4.0.5 - missing functions: none
symbol engine: initialized successfully - sym options: 0x614 - pdb path: .;G:\programs\WebStorm 2025.1\jbr\bin;C:\WINDOWS\SYSTEM32;C:\WINDOWS\WinSxS\amd64_microsoft.windows.common-controls_6595b64144ccf1df_6.0.19041.6456_none_60b8a6cb71f64256;G:\programs\WebStorm 2025.1\jbr\bin\server

VM Arguments:
java_command: git4idea.http.GitAskPassApp Username for 'https://gitlab.com': 
java_class_path (initial): G:/programs/WebStorm 2025.1/plugins/vcs-git/lib/git4idea-rt.jar;G:/programs/WebStorm 2025.1/lib/externalProcess-rt.jar
Launcher Type: SUN_STANDARD

[Global flags]
     intx CICompilerCount                          = 4                                         {product} {ergonomic}
     uint ConcGCThreads                            = 3                                         {product} {ergonomic}
     uint G1ConcRefinementThreads                  = 10                                        {product} {ergonomic}
   size_t G1HeapRegionSize                         = 2097152                                   {product} {ergonomic}
    uintx GCDrainStackTargetSize                   = 64                                        {product} {ergonomic}
   size_t InitialHeapSize                          = 268435456                                 {product} {ergonomic}
   size_t MarkStackSize                            = 4194304                                   {product} {ergonomic}
   size_t MaxHeapSize                              = 4278190080                                {product} {ergonomic}
   size_t MinHeapDeltaBytes                        = 2097152                                   {product} {ergonomic}
   size_t MinHeapSize                              = 8388608                                   {product} {ergonomic}
    uintx NonNMethodCodeHeapSize                   = 5839372                                {pd product} {ergonomic}
    uintx NonProfiledCodeHeapSize                  = 122909434                              {pd product} {ergonomic}
    uintx ProfiledCodeHeapSize                     = 122909434                              {pd product} {ergonomic}
    uintx ReservedCodeCacheSize                    = 251658240                              {pd product} {ergonomic}
     bool SegmentedCodeCache                       = true                                      {product} {ergonomic}
   size_t SoftMaxHeapSize                          = 4278190080                             {manageable} {ergonomic}
     bool UseCompressedOops                        = true                           {product lp64_product} {ergonomic}
     bool UseG1GC                                  = true                                      {product} {ergonomic}
     bool UseLargePagesIndividualAllocation        = false                                  {pd product} {ergonomic}

Logging:
Log output configuration:
 #0: stdout all=warning uptime,level,tags foldmultilines=false
 #1: stderr all=off uptime,level,tags foldmultilines=false

Environment Variables:
PATH=D:/PROGRAMS/Git/mingw64/libexec/git-core;D:/PROGRAMS/Git/mingw64/libexec/git-core;D:\PROGRAMS\Git\mingw64\bin;D:\PROGRAMS\Git\usr\bin;C:\Users\sss12\bin;C:\Python311\Scripts\;C:\Python311\;C:\WINDOWS\system32;C:\WINDOWS;C:\WINDOWS\System32\Wbem;C:\WINDOWS\System32\WindowsPowerShell\v1.0\;C:\WINDOWS\System32\OpenSSH\;C:\ProgramData\chocolatey\bin;D:\PROGRAMS\yarn\bin\;D:\PROGRAMS\nvm_1;C:\Program Files\nodejs;C:\Program Files\wget;C:\Program Files\Common Files\Autodesk Shared\;C:\Program Files\Microsoft SQL Server\120\Tools\Binn\;D:\PROGRAMS\Git\cmd;C:\Program Files\Docker\Docker\resources\bin;C:\Users\sss12\AppData\Local\Microsoft\WindowsApps;C:\Users\sss12\AppData\Roaming\npm;C:\Users\sss12\AppData\Local\Yarn\bin;D:\PROGRAMS\nvm_1;C:\Program Files\nodejs;G:\programs\Microsoft VS Code\bin;C:\Users\sss12\.lmstudio\bin
USERNAME=sss12
DISPLAY=:0.0
LC_ALL=en_US.UTF-8
TERM=xterm-256color
TMPDIR=C:\Users\sss12\AppData\Local\Temp
OS=Windows_NT
PROCESSOR_IDENTIFIER=Intel64 Family 6 Model 45 Stepping 7, GenuineIntel
TMP=C:\Users\sss12\AppData\Local\Temp
TEMP=C:\Users\sss12\AppData\Local\Temp




Periodic native trim disabled

JNI global refs:
JNI global refs: 0, weak refs: 0

JNI global refs memory usage: 0, weak refs: 0

Process memory usage:
Resident Set Size: 10992K (0% of 16706976K total physical memory with 630604K free physical memory)

OOME stack traces (most recent first):
Classloader memory used:

---------------  S Y S T E M  ---------------

OS:
 Windows 10 , 64 bit Build 19041 (10.0.19041.5915)
OS uptime: 41 days 20:33 hours
Hyper-V role detected

CPU: total 12 (initial active 12) (6 cores per cpu, 2 threads per core) family 6 model 45 stepping 7 microcode 0x714, cx8, cmov, fxsr, ht, mmx, sse, sse2, sse3, ssse3, sse4.1, sse4.2, popcnt, tsc, tscinvbit, avx, aes, clmul, vzeroupper, clflush, hv, rdtscp
Processor Information for the first 12 processors :
  Max Mhz: 2501, Current Mhz: 2501, Mhz Limit: 2501

Memory: 4k page, system-wide physical 16315M (615M free)
TotalPageFile size 44792M (AvailPageFile size 113M)
current process WorkingSet (physical memory assigned to process): 10M, peak: 10M
current process commit charge ("private bytes"): 64M, peak: 320M

vm_info: OpenJDK 64-Bit Server VM (21.0.6+9-b895.109) for windows-amd64 JRE (21.0.6+9-b895.109), built on 2025-03-26 by "builduser" with MS VC++ 16.10 / 16.11 (VS2019)

END.
